// Jest Snapshot v1, https://goo.gl/fbAQLP

exports[`List renders correctly 1`] = `
<v-card class="mx-auto" width="300">
  <v-text-field label="New todo" hide-details="" modelvalue=""></v-text-field>
  <v-list>
    <!-- active -->
    <!--v-if-->
    <!-- completed -->
    <!--v-if-->
  </v-list>
</v-card>
`;

exports[`TodoList renders correctly 1`] = `
<v-card class="mx-auto" width="300">
  <v-text-field label="New todo" hide-details="" modelvalue=""></v-text-field>
  <v-list>
    <!-- active -->
    <!--v-if-->
    <!-- completed -->
    <!--v-if-->
  </v-list>
</v-card>
`;
